[themesbrand.com/skote/layouts/vertical/index.html]
[backblue.gif]
[fade.gif]
[index.html]
[themesbrand.com/skote/layouts/vertical/assets/images/favicon.ico]
[themesbrand.com/skote/layouts/vertical/assets/css/bootstrap.min.css]
[themesbrand.com/skote/layouts/vertical/assets/css/icons.min.css]
[themesbrand.com/skote/layouts/vertical/assets/css/app.min.css]
[themesbrand.com/skote/layouts/vertical/assets/images/logo-dark.png]
[themesbrand.com/skote/layouts/vertical/assets/images/logo-light.png]
[themesbrand.com/skote/layouts/vertical/assets/images/megamenu-img.png]
[themesbrand.com/skote/layouts/vertical/assets/images/flags/us.jpg]
[themesbrand.com/skote/layouts/vertical/assets/images/flags/spain.jpg]
[themesbrand.com/skote/layouts/vertical/assets/images/flags/germany.jpg]
[themesbrand.com/skote/layouts/vertical/assets/images/flags/italy.jpg]
[themesbrand.com/skote/layouts/vertical/assets/images/flags/russia.jpg]
[themesbrand.com/skote/layouts/vertical/assets/images/brands/github.png]
[themesbrand.com/skote/layouts/vertical/assets/images/brands/bitbucket.png]
[themesbrand.com/skote/layouts/vertical/assets/images/brands/dribbble.png]
[themesbrand.com/skote/layouts/vertical/assets/images/brands/dropbox.png]
[themesbrand.com/skote/layouts/vertical/assets/images/brands/mail_chimp.png]
[themesbrand.com/skote/layouts/vertical/assets/images/brands/slack.png]
[themesbrand.com/skote/layouts/vertical/assets/images/users/avatar-3.jpg]
[themesbrand.com/skote/layouts/vertical/assets/images/users/avatar-4.jpg]
[themesbrand.com/skote/layouts/vertical/assets/images/users/avatar-1.jpg]
[themesbrand.com/skote/layouts/vertical/layouts-horizontal.html]
[themesbrand.com/skote/layouts/vertical/layouts-light-sidebar.html]
[themesbrand.com/skote/layouts/vertical/layouts-compact-sidebar.html]
[themesbrand.com/skote/layouts/vertical/layouts-icon-sidebar.html]
[themesbrand.com/skote/layouts/vertical/layouts-boxed.html]
[themesbrand.com/skote/layouts/vertical/layouts-preloader.html]
[themesbrand.com/skote/layouts/vertical/layouts-colored-sidebar.html]
[themesbrand.com/skote/layouts/vertical/calendar.html]
[themesbrand.com/skote/layouts/vertical/ecommerce-products.html]
[themesbrand.com/skote/layouts/vertical/ecommerce-product-detail.html]
[themesbrand.com/skote/layouts/vertical/ecommerce-orders.html]
[themesbrand.com/skote/layouts/vertical/ecommerce-customers.html]
[themesbrand.com/skote/layouts/vertical/ecommerce-cart.html]
[themesbrand.com/skote/layouts/vertical/ecommerce-checkout.html]
[themesbrand.com/skote/layouts/vertical/ecommerce-shops.html]
[themesbrand.com/skote/layouts/vertical/ecommerce-add-product.html]
[themesbrand.com/skote/layouts/vertical/email-inbox.html]
[themesbrand.com/skote/layouts/vertical/email-read.html]
[themesbrand.com/skote/layouts/vertical/invoices-list.html]
[themesbrand.com/skote/layouts/vertical/invoices-detail.html]
[themesbrand.com/skote/layouts/vertical/projects-grid.html]
[themesbrand.com/skote/layouts/vertical/projects-list.html]
[themesbrand.com/skote/layouts/vertical/projects-overview.html]
[themesbrand.com/skote/layouts/vertical/projects-create.html]
[themesbrand.com/skote/layouts/vertical/tasks-list.html]
[themesbrand.com/skote/layouts/vertical/tasks-kanban.html]
[themesbrand.com/skote/layouts/vertical/tasks-create.html]
[themesbrand.com/skote/layouts/vertical/contacts-grid.html]
[themesbrand.com/skote/layouts/vertical/contacts-list.html]
[themesbrand.com/skote/layouts/vertical/contacts-profile.html]
[themesbrand.com/skote/layouts/vertical/auth-login.html]
[themesbrand.com/skote/layouts/vertical/auth-register.html]
[themesbrand.com/skote/layouts/vertical/auth-recoverpw.html]
[themesbrand.com/skote/layouts/vertical/auth-lock-screen.html]
[themesbrand.com/skote/layouts/vertical/pages-starter.html]
[themesbrand.com/skote/layouts/vertical/pages-maintenance.html]
[themesbrand.com/skote/layouts/vertical/pages-comingsoon.html]
[themesbrand.com/skote/layouts/vertical/pages-timeline.html]
[themesbrand.com/skote/layouts/vertical/pages-faqs.html]
[themesbrand.com/skote/layouts/vertical/pages-pricing.html]
[themesbrand.com/skote/layouts/vertical/pages-404.html]
[themesbrand.com/skote/layouts/vertical/pages-500.html]
[themesbrand.com/skote/layouts/vertical/ui-alerts.html]
[themesbrand.com/skote/layouts/vertical/ui-buttons.html]
[themesbrand.com/skote/layouts/vertical/ui-cards.html]
[themesbrand.com/skote/layouts/vertical/ui-carousel.html]
[themesbrand.com/skote/layouts/vertical/ui-dropdowns.html]
[themesbrand.com/skote/layouts/vertical/ui-grid.html]
[themesbrand.com/skote/layouts/vertical/ui-images.html]
[themesbrand.com/skote/layouts/vertical/ui-lightbox.html]
[themesbrand.com/skote/layouts/vertical/ui-modals.html]
[themesbrand.com/skote/layouts/vertical/ui-rangeslider.html]
[themesbrand.com/skote/layouts/vertical/ui-session-timeout.html]
[themesbrand.com/skote/layouts/vertical/ui-progressbars.html]
[themesbrand.com/skote/layouts/vertical/ui-sweet-alert.html]
[themesbrand.com/skote/layouts/vertical/ui-tabs-accordions.html]
[themesbrand.com/skote/layouts/vertical/ui-typography.html]
[themesbrand.com/skote/layouts/vertical/ui-video.html]
[themesbrand.com/skote/layouts/vertical/ui-general.html]
[themesbrand.com/skote/layouts/vertical/ui-colors.html]
[themesbrand.com/skote/layouts/vertical/ui-rating.html]
[themesbrand.com/skote/layouts/vertical/form-elements.html]
[themesbrand.com/skote/layouts/vertical/form-validation.html]
[themesbrand.com/skote/layouts/vertical/form-advanced.html]
[themesbrand.com/skote/layouts/vertical/form-editors.html]
[themesbrand.com/skote/layouts/vertical/form-uploads.html]
[themesbrand.com/skote/layouts/vertical/form-xeditable.html]
[themesbrand.com/skote/layouts/vertical/form-repeater.html]
[themesbrand.com/skote/layouts/vertical/form-wizard.html]
[themesbrand.com/skote/layouts/vertical/form-mask.html]
[themesbrand.com/skote/layouts/vertical/tables-basic.html]
[themesbrand.com/skote/layouts/vertical/tables-datatable.html]
[themesbrand.com/skote/layouts/vertical/tables-responsive.html]
[themesbrand.com/skote/layouts/vertical/tables-editable.html]
[themesbrand.com/skote/layouts/vertical/charts-apex.html]
[themesbrand.com/skote/layouts/vertical/charts-chartjs.html]
[themesbrand.com/skote/layouts/vertical/charts-flot.html]
[themesbrand.com/skote/layouts/vertical/charts-tui.html]
[themesbrand.com/skote/layouts/vertical/charts-knob.html]
[themesbrand.com/skote/layouts/vertical/charts-sparkline.html]
[themesbrand.com/skote/layouts/vertical/icons-boxicons.html]
[themesbrand.com/skote/layouts/vertical/icons-materialdesign.html]
[themesbrand.com/skote/layouts/vertical/icons-dripicons.html]
[themesbrand.com/skote/layouts/vertical/icons-fontawesome.html]
[themesbrand.com/skote/layouts/vertical/maps-google.html]
[themesbrand.com/skote/layouts/vertical/maps-vector.html]
[themesbrand.com/skote/layouts/vertical/assets/images/profile-img.png]
[themesbrand.com/skote/layouts/vertical/assets/images/product/img-7.png]
[themesbrand.com/skote/layouts/vertical/assets/images/product/img-4.png]
[themesbrand.com/skote/layouts/vertical/assets/images/layouts/layout-1.jpg]
[themesbrand.com/skote/layouts/vertical/assets/images/layouts/layout-2.jpg]
[themesbrand.com/skote/layouts/vertical/assets/css/app-dark.min.css]
[themesbrand.com/skote/layouts/vertical/assets/images/layouts/layout-3.jpg]
[themesbrand.com/skote/layouts/vertical/assets/css/app-rtl.min.css]
[themesbrand.com/skote/layouts/vertical/assets/libs/jquery/jquery.min.js]
[themesbrand.com/skote/layouts/vertical/assets/libs/bootstrap/js/bootstrap.bundle.min.js]
[themesbrand.com/skote/layouts/vertical/assets/libs/metismenu/metisMenu.min.js]
[themesbrand.com/skote/layouts/vertical/assets/libs/simplebar/simplebar.min.js]
[themesbrand.com/skote/layouts/vertical/assets/libs/node-waves/waves.min.js]
[themesbrand.com/skote/layouts/vertical/assets/libs/apexcharts/apexcharts.min.js]
[themesbrand.com/skote/layouts/vertical/assets/js/pages/dashboard.init.js]
[themesbrand.com/skote/layouts/vertical/assets/js/app.js]
[themesbrand.com/skote/layouts/vertical/index.html]
[themesbrand.com/skote/layouts/vertical/layouts-horizontal.html]
[themesbrand.com/skote/layouts/vertical/layouts-light-sidebar.html]
[themesbrand.com/skote/layouts/vertical/layouts-compact-sidebar.html]
[themesbrand.com/skote/layouts/vertical/layouts-icon-sidebar.html]
[themesbrand.com/skote/layouts/vertical/layouts-boxed.html]
[themesbrand.com/skote/layouts/vertical/layouts-preloader.html]
[themesbrand.com/skote/layouts/vertical/layouts-colored-sidebar.html]
[themesbrand.com/skote/layouts/vertical/assets/libs/tui-calendar/tui-calendar.min.css]
[uicdn.toast.com/tui.code-snippet/latest/tui-code-snippet.min.js]
[themesbrand.com/skote/layouts/vertical/assets/libs/tui-dom/tui-dom.min.js]
[themesbrand.com/skote/layouts/vertical/assets/libs/tui-time-picker/tui-time-picker.min.js]
[themesbrand.com/skote/layouts/vertical/assets/libs/tui-date-picker/tui-date-picker.min.js]
[themesbrand.com/skote/layouts/vertical/assets/libs/moment/min/moment.min.js]
[themesbrand.com/skote/layouts/vertical/assets/libs/chance/chance.min.js]
[themesbrand.com/skote/layouts/vertical/assets/libs/tui-calendar/tui-calendar.min.js]
[themesbrand.com/skote/layouts/vertical/assets/js/pages/calendars.js]
[themesbrand.com/skote/layouts/vertical/assets/js/pages/schedules.js]
[themesbrand.com/skote/layouts/vertical/assets/js/pages/calendar.init.js]
[themesbrand.com/skote/layouts/vertical/calendar.html]
[themesbrand.com/skote/layouts/vertical/assets/libs/ion-rangeslider/css/ion.rangeSlider.min.css]
[themesbrand.com/skote/layouts/vertical/assets/images/product/img-1.png]
[themesbrand.com/skote/layouts/vertical/assets/images/product/img-2.png]
[themesbrand.com/skote/layouts/vertical/assets/images/product/img-3.png]
[themesbrand.com/skote/layouts/vertical/assets/images/product/img-5.png]
[themesbrand.com/skote/layouts/vertical/assets/images/product/img-6.png]
[themesbrand.com/skote/layouts/vertical/assets/libs/ion-rangeslider/js/ion.rangeSlider.min.js]
[themesbrand.com/skote/layouts/vertical/assets/js/pages/product-filter-range.init.js]
[themesbrand.com/skote/layouts/vertical/ecommerce-products.html]
[themesbrand.com/skote/layouts/vertical/assets/images/product/img-8.png]
[themesbrand.com/skote/layouts/vertical/assets/images/users/avatar-2.jpg]
[themesbrand.com/skote/layouts/vertical/assets/images/users/avatar-5.jpg]
[themesbrand.com/skote/layouts/vertical/ecommerce-product-detail.html]
[themesbrand.com/skote/layouts/vertical/ecommerce-orders.html]
[themesbrand.com/skote/layouts/vertical/ecommerce-customers.html]
[themesbrand.com/skote/layouts/vertical/assets/libs/bootstrap-touchspin/jquery.bootstrap-touchspin.min.css]
[themesbrand.com/skote/layouts/vertical/assets/libs/bootstrap-touchspin/jquery.bootstrap-touchspin.min.js]
[themesbrand.com/skote/layouts/vertical/assets/js/pages/ecommerce-cart.init.js]
[themesbrand.com/skote/layouts/vertical/ecommerce-cart.html]
[themesbrand.com/skote/layouts/vertical/assets/libs/select2/css/select2.min.css]
[themesbrand.com/skote/layouts/vertical/assets/libs/select2/js/select2.min.js]
[themesbrand.com/skote/layouts/vertical/assets/js/pages/ecommerce-select2.init.js]
[themesbrand.com/skote/layouts/vertical/ecommerce-checkout.html]
[themesbrand.com/skote/layouts/vertical/ecommerce-shops.html]
[themesbrand.com/skote/layouts/vertical/assets/libs/dropzone/min/dropzone.min.css]
[themesbrand.com/skote/layouts/vertical/assets/libs/dropzone/min/dropzone.min.js]
[themesbrand.com/skote/layouts/vertical/ecommerce-add-product.html]
[themesbrand.com/skote/layouts/vertical/assets/libs/summernote/summernote-bs4.min.css]
[themesbrand.com/skote/layouts/vertical/assets/images/users/avatar-6.jpg]
[themesbrand.com/skote/layouts/vertical/assets/libs/summernote/summernote-bs4.min.js]
[themesbrand.com/skote/layouts/vertical/assets/js/pages/email-summernote.init.js]
[themesbrand.com/skote/layouts/vertical/email-inbox.html]
[themesbrand.com/skote/layouts/vertical/assets/images/small/img-3.jpg]
[themesbrand.com/skote/layouts/vertical/assets/images/small/img-4.jpg]
[themesbrand.com/skote/layouts/vertical/email-read.html]
[themesbrand.com/skote/layouts/vertical/assets/images/users/avatar-7.jpg]
[themesbrand.com/skote/layouts/vertical/assets/images/users/avatar-8.jpg]
[themesbrand.com/skote/layouts/vertical/invoices-list.html]
[themesbrand.com/skote/layouts/vertical/invoices-detail.html]
[themesbrand.com/skote/layouts/vertical/assets/images/companies/img-1.png]
[themesbrand.com/skote/layouts/vertical/assets/images/companies/img-2.png]
[themesbrand.com/skote/layouts/vertical/assets/images/companies/img-3.png]
[themesbrand.com/skote/layouts/vertical/assets/images/companies/img-4.png]
[themesbrand.com/skote/layouts/vertical/assets/images/companies/img-5.png]
[themesbrand.com/skote/layouts/vertical/assets/images/companies/img-6.png]
[themesbrand.com/skote/layouts/vertical/projects-grid.html]
[themesbrand.com/skote/layouts/vertical/projects-list.html]
[themesbrand.com/skote/layouts/vertical/assets/js/pages/project-overview.init.js]
[themesbrand.com/skote/layouts/vertical/projects-overview.html]
[themesbrand.com/skote/layouts/vertical/assets/libs/bootstrap-datepicker/css/bootstrap-datepicker.min.css]
[themesbrand.com/skote/layouts/vertical/assets/libs/bootstrap-datepicker/js/bootstrap-datepicker.min.js]
[themesbrand.com/skote/layouts/vertical/projects-create.html]
[themesbrand.com/skote/layouts/vertical/assets/js/pages/tasklist.init.js]
[themesbrand.com/skote/layouts/vertical/tasks-list.html]
[themesbrand.com/skote/layouts/vertical/assets/libs/dragula/dragula.min.css]
[themesbrand.com/skote/layouts/vertical/assets/images/small/img-1.jpg]
[themesbrand.com/skote/layouts/vertical/assets/images/small/img-2.jpg]
[themesbrand.com/skote/layouts/vertical/assets/libs/dragula/dragula.min.js]
[themesbrand.com/skote/layouts/vertical/assets/js/pages/task-kanban.init.js]
[themesbrand.com/skote/layouts/vertical/tasks-kanban.html]
[themesbrand.com/skote/layouts/vertical/assets/libs/jquery.repeater/jquery.repeater.min.js]
[themesbrand.com/skote/layouts/vertical/assets/js/pages/task-create.init.js]
[themesbrand.com/skote/layouts/vertical/tasks-create.html]
[themesbrand.com/skote/layouts/vertical/contacts-grid.html]
[themesbrand.com/skote/layouts/vertical/contacts-list.html]
[themesbrand.com/skote/layouts/vertical/assets/js/pages/profile.init.js]
[themesbrand.com/skote/layouts/vertical/contacts-profile.html]
[themesbrand.com/skote/layouts/vertical/auth-login.html]
[themesbrand.com/skote/layouts/vertical/auth-register.html]
[themesbrand.com/skote/layouts/vertical/auth-recoverpw.html]
[themesbrand.com/skote/layouts/vertical/auth-lock-screen.html]
[themesbrand.com/skote/layouts/vertical/pages-starter.html]
[themesbrand.com/skote/layouts/vertical/assets/images/maintenance.png]
[themesbrand.com/skote/layouts/vertical/pages-maintenance.html]
[themesbrand.com/skote/layouts/vertical/assets/libs/jquery-countdown/jquery.countdown.min.js]
[themesbrand.com/skote/layouts/vertical/assets/js/pages/coming-soon.init.js]
[themesbrand.com/skote/layouts/vertical/pages-comingsoon.html]
[themesbrand.com/skote/layouts/vertical/pages-timeline.html]
[themesbrand.com/skote/layouts/vertical/pages-faqs.html]
[themesbrand.com/skote/layouts/vertical/pages-pricing.html]
[themesbrand.com/skote/layouts/vertical/assets/images/error-img.png]
[themesbrand.com/skote/layouts/vertical/pages-404.html]
[themesbrand.com/skote/layouts/vertical/pages-500.html]
[themesbrand.com/skote/layouts/vertical/ui-alerts.html]
[themesbrand.com/skote/layouts/vertical/ui-buttons.html]
[themesbrand.com/skote/layouts/vertical/assets/images/small/img-5.jpg]
[themesbrand.com/skote/layouts/vertical/assets/images/small/img-7.jpg]
[themesbrand.com/skote/layouts/vertical/assets/images/small/img-6.jpg]
[themesbrand.com/skote/layouts/vertical/ui-cards.html]
[themesbrand.com/skote/layouts/vertical/ui-carousel.html]
[themesbrand.com/skote/layouts/vertical/ui-dropdowns.html]
[themesbrand.com/skote/layouts/vertical/ui-grid.html]
[themesbrand.com/skote/layouts/vertical/ui-images.html]
[themesbrand.com/skote/layouts/vertical/assets/libs/magnific-popup/magnific-popup.css]
[themesbrand.com/skote/layouts/vertical/assets/libs/magnific-popup/jquery.magnific-popup.min.js]
[themesbrand.com/skote/layouts/vertical/assets/js/pages/lightbox.init.js]
[themesbrand.com/skote/layouts/vertical/ui-lightbox.html]
[themesbrand.com/skote/layouts/vertical/ui-modals.html]
[themesbrand.com/skote/layouts/vertical/assets/js/pages/range-sliders.init.js]
[themesbrand.com/skote/layouts/vertical/ui-rangeslider.html]
[themesbrand.com/skote/layouts/vertical/assets/libs/@curiosityx/bootstrap-session-timeout/index.js]
[themesbrand.com/skote/layouts/vertical/assets/js/pages/session-timeout.init.js]
[themesbrand.com/skote/layouts/vertical/ui-session-timeout.html]
[themesbrand.com/skote/layouts/vertical/ui-progressbars.html]
[themesbrand.com/skote/layouts/vertical/assets/libs/sweetalert2/sweetalert2.min.css]
[themesbrand.com/skote/layouts/vertical/assets/libs/sweetalert2/sweetalert2.min.js]
[themesbrand.com/skote/layouts/vertical/assets/js/pages/sweet-alerts.init.js]
[themesbrand.com/skote/layouts/vertical/ui-sweet-alert.html]
[themesbrand.com/skote/layouts/vertical/ui-tabs-accordions.html]
[themesbrand.com/skote/layouts/vertical/ui-typography.html]
[themesbrand.com/skote/layouts/vertical/ui-video.html]
[themesbrand.com/skote/layouts/vertical/ui-general.html]
[themesbrand.com/skote/layouts/vertical/ui-colors.html]
[themesbrand.com/skote/layouts/vertical/assets/libs/bootstrap-rating/bootstrap-rating.css]
[themesbrand.com/skote/layouts/vertical/assets/libs/bootstrap-rating/bootstrap-rating.min.js]
[themesbrand.com/skote/layouts/vertical/assets/js/pages/rating-init.js]
[themesbrand.com/skote/layouts/vertical/ui-rating.html]
[themesbrand.com/skote/layouts/vertical/form-elements.html]
[themesbrand.com/skote/layouts/vertical/assets/libs/parsleyjs/parsley.min.js]
[themesbrand.com/skote/layouts/vertical/assets/js/pages/form-validation.init.js]
[themesbrand.com/skote/layouts/vertical/form-validation.html]
[themesbrand.com/skote/layouts/vertical/assets/libs/bootstrap-colorpicker/css/bootstrap-colorpicker.min.css]
[themesbrand.com/skote/layouts/vertical/assets/libs/bootstrap-colorpicker/js/bootstrap-colorpicker.min.js]
[themesbrand.com/skote/layouts/vertical/assets/libs/bootstrap-maxlength/bootstrap-maxlength.min.js]
[themesbrand.com/skote/layouts/vertical/assets/js/pages/form-advanced.init.js]
[themesbrand.com/skote/layouts/vertical/form-advanced.html]
[themesbrand.com/skote/layouts/vertical/assets/libs/tinymce/tinymce.min.js]
[themesbrand.com/skote/layouts/vertical/assets/js/pages/form-editor.init.js]
[themesbrand.com/skote/layouts/vertical/form-editors.html]
[themesbrand.com/skote/layouts/vertical/form-uploads.html]
[themesbrand.com/skote/layouts/vertical/assets/libs/bootstrap-editable/css/bootstrap-editable.css]
[themesbrand.com/skote/layouts/vertical/assets/libs/bootstrap-editable/js/index.js]
[themesbrand.com/skote/layouts/vertical/assets/js/pages/form-xeditable.init.js]
[themesbrand.com/skote/layouts/vertical/form-xeditable.html]
[themesbrand.com/skote/layouts/vertical/assets/js/pages/form-repeater.int.js]
[themesbrand.com/skote/layouts/vertical/form-repeater.html]
[themesbrand.com/skote/layouts/vertical/assets/libs/jquery-steps/build/jquery.steps.min.js]
[themesbrand.com/skote/layouts/vertical/assets/js/pages/form-wizard.init.js]
[themesbrand.com/skote/layouts/vertical/form-wizard.html]
[themesbrand.com/skote/layouts/vertical/assets/libs/inputmask/min/jquery.inputmask.bundle.min.js]
[themesbrand.com/skote/layouts/vertical/assets/js/pages/form-mask.init.js]
[themesbrand.com/skote/layouts/vertical/form-mask.html]
[themesbrand.com/skote/layouts/vertical/tables-basic.html]
[themesbrand.com/skote/layouts/vertical/assets/libs/datatables.net-bs4/css/dataTables.bootstrap4.min.css]
[themesbrand.com/skote/layouts/vertical/assets/libs/datatables.net-buttons-bs4/css/buttons.bootstrap4.min.css]
[themesbrand.com/skote/layouts/vertical/assets/libs/datatables.net-responsive-bs4/css/responsive.bootstrap4.min.css]
[themesbrand.com/skote/layouts/vertical/assets/libs/datatables.net/js/jquery.dataTables.min.js]
[themesbrand.com/skote/layouts/vertical/assets/libs/datatables.net-bs4/js/dataTables.bootstrap4.min.js]
[themesbrand.com/skote/layouts/vertical/assets/libs/datatables.net-buttons/js/dataTables.buttons.min.js]
[themesbrand.com/skote/layouts/vertical/assets/libs/datatables.net-buttons-bs4/js/buttons.bootstrap4.min.js]
[themesbrand.com/skote/layouts/vertical/assets/libs/jszip/jszip.min.js]
[themesbrand.com/skote/layouts/vertical/assets/libs/pdfmake/build/pdfmake.min.js]
[themesbrand.com/skote/layouts/vertical/assets/libs/datatables.net-buttons/js/buttons.html5.min.js]
[themesbrand.com/skote/layouts/vertical/assets/libs/pdfmake/build/vfs_fonts.js]
[themesbrand.com/skote/layouts/vertical/assets/libs/datatables.net-buttons/js/buttons.print.min.js]
[themesbrand.com/skote/layouts/vertical/assets/libs/datatables.net-buttons/js/buttons.colVis.min.js]
[themesbrand.com/skote/layouts/vertical/assets/libs/datatables.net-responsive/js/dataTables.responsive.min.js]
[themesbrand.com/skote/layouts/vertical/assets/libs/datatables.net-responsive-bs4/js/responsive.bootstrap4.min.js]
[themesbrand.com/skote/layouts/vertical/assets/js/pages/datatables.init.js]
[themesbrand.com/skote/layouts/vertical/tables-datatable.html]
[themesbrand.com/skote/layouts/vertical/assets/libs/admin-resources/rwd-table/rwd-table.min.css]
[themesbrand.com/skote/layouts/vertical/assets/libs/admin-resources/rwd-table/rwd-table.min.js]
[themesbrand.com/skote/layouts/vertical/assets/js/pages/table-responsive.init.js]
[themesbrand.com/skote/layouts/vertical/tables-responsive.html]
[themesbrand.com/skote/layouts/vertical/assets/libs/datatables.net-keytable-bs4/css/keyTable.bootstrap4.min.css]
[themesbrand.com/skote/layouts/vertical/assets/libs/datatables.net-keytable/js/dataTables.keyTable.min.js]
[themesbrand.com/skote/layouts/vertical/assets/js/pages/table-editable.int.js]
[themesbrand.com/skote/layouts/vertical/tables-editable.html]
[themesbrand.com/skote/layouts/vertical/assets/js/pages/apexcharts.init.js]
[themesbrand.com/skote/layouts/vertical/charts-apex.html]
[themesbrand.com/skote/layouts/vertical/assets/libs/chart.js/Chart.bundle.min.js]
[themesbrand.com/skote/layouts/vertical/assets/js/pages/chartjs.init.js]
[themesbrand.com/skote/layouts/vertical/charts-chartjs.html]
[themesbrand.com/skote/layouts/vertical/assets/libs/flot-charts/jquery.flot.js]
[themesbrand.com/skote/layouts/vertical/assets/libs/flot-charts/jquery.flot.time.js]
[themesbrand.com/skote/layouts/vertical/assets/libs/jquery.flot.tooltip/js/jquery.flot.tooltip.min.js]
[themesbrand.com/skote/layouts/vertical/assets/libs/flot-charts/jquery.flot.resize.js]
[themesbrand.com/skote/layouts/vertical/assets/libs/flot-charts/jquery.flot.pie.js]
[themesbrand.com/skote/layouts/vertical/assets/libs/flot-charts/jquery.flot.selection.js]
[themesbrand.com/skote/layouts/vertical/assets/libs/flot-charts/jquery.flot.stack.js]
[themesbrand.com/skote/layouts/vertical/assets/libs/flot-charts/jquery.flot.crosshair.js]
[themesbrand.com/skote/layouts/vertical/assets/js/pages/flot.init.js]
[themesbrand.com/skote/layouts/vertical/charts-flot.html]
[themesbrand.com/skote/layouts/vertical/assets/libs/tui-chart/tui-chart.min.css]
[themesbrand.com/skote/layouts/vertical/assets/libs/tui-chart/tui-chart-all.min.js]
[themesbrand.com/skote/layouts/vertical/assets/libs/tui-chart/maps/usa.js]
[themesbrand.com/skote/layouts/vertical/assets/js/pages/tui-charts.init.js]
[themesbrand.com/skote/layouts/vertical/charts-tui.html]
[themesbrand.com/skote/layouts/vertical/assets/libs/jquery-knob/jquery.knob.min.js]
[themesbrand.com/skote/layouts/vertical/assets/js/pages/jquery-knob.init.js]
[themesbrand.com/skote/layouts/vertical/charts-knob.html]
[themesbrand.com/skote/layouts/vertical/assets/libs/jquery-sparkline/jquery.sparkline.min.js]
[themesbrand.com/skote/layouts/vertical/assets/js/pages/sparklines.init.js]
[themesbrand.com/skote/layouts/vertical/charts-sparkline.html]
[themesbrand.com/skote/layouts/vertical/icons-boxicons.html]
[themesbrand.com/skote/layouts/vertical/icons-materialdesign.html]
[themesbrand.com/skote/layouts/vertical/icons-dripicons.html]
[themesbrand.com/skote/layouts/vertical/icons-fontawesome.html]
[themesbrand.com/skote/layouts/vertical/assets/libs/gmaps/gmaps.min.js]
[themesbrand.com/skote/layouts/vertical/assets/js/pages/gmaps.init.js]
[themesbrand.com/skote/layouts/vertical/maps-google.html]
[themesbrand.com/skote/layouts/vertical/assets/libs/admin-resources/jquery.vectormap/jquery-jvectormap-1.2.2.css]
[themesbrand.com/skote/layouts/vertical/assets/libs/admin-resources/jquery.vectormap/jquery-jvectormap-1.2.2.min.js]
[themesbrand.com/skote/layouts/vertical/assets/libs/admin-resources/jquery.vectormap/maps/jquery-jvectormap-world-mill-en.js]
[themesbrand.com/skote/layouts/vertical/assets/libs/admin-resources/jquery.vectormap/maps/jquery-jvectormap-us-merc-en.js]
[themesbrand.com/skote/layouts/vertical/assets/libs/admin-resources/jquery.vectormap/maps/jquery-jvectormap-in-mill-en.js]
[themesbrand.com/skote/layouts/vertical/assets/libs/admin-resources/jquery.vectormap/maps/jquery-jvectormap-au-mill-en.js]
[themesbrand.com/skote/layouts/vertical/assets/libs/admin-resources/jquery.vectormap/maps/jquery-jvectormap-us-il-chicago-mill-en.js]
[themesbrand.com/skote/layouts/vertical/assets/libs/admin-resources/jquery.vectormap/maps/jquery-jvectormap-uk-mill-en.js]
[themesbrand.com/skote/layouts/vertical/assets/libs/admin-resources/jquery.vectormap/maps/jquery-jvectormap-ca-lcc-en.js]
[themesbrand.com/skote/layouts/vertical/assets/js/pages/vector-maps.init.js]
[themesbrand.com/skote/layouts/vertical/maps-vector.html]
[themesbrand.com/skote/layouts/vertical/email-compose.html]
[themesbrand.com/skote/layouts/vertical/assets/css/bootstrap.min.css]
[themesbrand.com/skote/layouts/vertical/assets/fonts/materialdesignicons-webfont2f9b.eot]
[themesbrand.com/skote/layouts/vertical/assets/libs/apexcharts/apexcharts.min.js]
[themesbrand.com/skote/layouts/vertical/assets/libs/chance/chance.min.js]
[themesbrand.com/skote/layouts/vertical/assets/libs/tui-calendar/tui-calendar.min.js]
[themesbrand.com/skote/layouts/vertical/assets/fonts/materialdesignicons-webfont.117d41d.delayed]
[themesbrand.com/skote/layouts/vertical/assets/fonts/materialdesignicons-webfont2f9b.woff]
[themesbrand.com/skote/layouts/vertical/assets/fonts/materialdesignicons-webfont2f9b.ttf]
[themesbrand.com/skote/layouts/vertical/assets/fonts/boxicons.eot]
[themesbrand.com/skote/layouts/vertical/assets/libs/tinymce/tinymce.min.js]
[themesbrand.com/skote/layouts/vertical/assets/libs/pdfmake/build/pdfmake.min.js]
[themesbrand.com/skote/layouts/vertical/assets/libs/chart.js/Chart.bundle.min.js]
[themesbrand.com/skote/layouts/vertical/assets/libs/pdfmake/build/vfs_fonts.js]
[themesbrand.com/skote/layouts/vertical/assets/libs/tui-chart/tui-chart-all.min.js]
[themesbrand.com/skote/layouts/vertical/assets/fonts/boxicons.woff]
[themesbrand.com/skote/layouts/vertical/assets/fonts/materialdesignicons-webfontd41d.eot]
[themesbrand.com/skote/layouts/vertical/assets/fonts/boxicons.ttf]
[themesbrand.com/skote/layouts/vertical/assets/fonts/fa-brands-400.eot]
[themesbrand.com/skote/layouts/vertical/assets/fonts/fa-brands-400d41d.eot]
[themesbrand.com/skote/layouts/vertical/assets/fonts/fa-brands-400.woff]
[themesbrand.com/skote/layouts/vertical/assets/fonts/fa-brands-400.ttf]
[themesbrand.com/skote/layouts/vertical/assets/fonts/fa-regular-400.eot]
[themesbrand.com/skote/layouts/vertical/assets/fonts/fa-regular-400d41d.eot]
[themesbrand.com/skote/layouts/vertical/assets/fonts/fa-regular-400.woff]
[themesbrand.com/skote/layouts/vertical/assets/fonts/fa-regular-400.ttf]
[themesbrand.com/skote/layouts/vertical/assets/fonts/fa-solid-900.eot]
[themesbrand.com/skote/layouts/vertical/assets/fonts/fa-solid-900d41d.eot]
[themesbrand.com/skote/layouts/vertical/assets/fonts/fa-solid-900.woff]
[themesbrand.com/skote/layouts/vertical/assets/fonts/fa-solid-900.ttf]
[themesbrand.com/skote/layouts/vertical/assets/fonts/dripicons-v2.eot]
[themesbrand.com/skote/layouts/vertical/assets/fonts/dripicons-v2d41d.eot]
[themesbrand.com/skote/layouts/vertical/assets/fonts/dripicons-v2.woff]
[themesbrand.com/skote/layouts/vertical/assets/fonts/dripicons-v2.ttf]
[themesbrand.com/skote/layouts/vertical/assets/css/icons.min.css]
[themesbrand.com/skote/layouts/vertical/assets/css/app.min.css]
[themesbrand.com/skote/layouts/vertical/assets/images/logo.svg]
[themesbrand.com/skote/layouts/vertical/assets/images/logo-light.svg]
[themesbrand.com/skote/layouts/vertical/assets/css/app-dark.min.css]
[themesbrand.com/skote/layouts/vertical/assets/css/app-rtl.min.css]
[themesbrand.com/skote/layouts/vertical/assets/libs/tui-time-picker/tui-time-picker.html]
[themesbrand.com/skote/layouts/vertical/assets/libs/tui-date-picker/tui-date-picker.html]
[themesbrand.com/skote/layouts/vertical/assets/libs/tui-calendar/tui-calendar.min.css]
[themesbrand.com/skote/layouts/vertical/assets/libs/ion-rangeslider/css/ion.rangeSlider.min.css]
[themesbrand.com/skote/layouts/vertical/assets/libs/bootstrap-touchspin/jquery.bootstrap-touchspin.min.css]
[themesbrand.com/skote/layouts/vertical/assets/libs/select2/css/select2.min.css]
[themesbrand.com/skote/layouts/vertical/assets/libs/dropzone/min/dropzone.min.css]
[themesbrand.com/skote/layouts/vertical/assets/libs/summernote/font/summernote.eot]
[themesbrand.com/skote/layouts/vertical/assets/libs/summernote/font/summernoted41d.eot]
[themesbrand.com/skote/layouts/vertical/assets/libs/summernote/font/summernote.woff]
[themesbrand.com/skote/layouts/vertical/assets/libs/summernote/font/summernote.ttf]
[themesbrand.com/skote/layouts/vertical/assets/libs/summernote/summernote-bs4.min.css]
[themesbrand.com/skote/layouts/vertical/email-compose.html]
[themesbrand.com/skote/layouts/vertical/assets/libs/bootstrap-datepicker/css/bootstrap-datepicker.min.css]
[themesbrand.com/skote/layouts/vertical/assets/libs/dragula/dragula.min.css]
[themesbrand.com/skote/layouts/vertical/assets/libs/magnific-popup/magnific-popup.css]
[themesbrand.com/skote/layouts/vertical/assets/libs/sweetalert2/sweetalert2.min.css]
[themesbrand.com/skote/layouts/vertical/assets/libs/bootstrap-rating/bootstrap-rating.css]
[themesbrand.com/skote/layouts/vertical/assets/libs/bootstrap-colorpicker/css/bootstrap-colorpicker.min.css]
[themesbrand.com/skote/layouts/vertical/assets/libs/bootstrap-editable/img/loading.gif]
[themesbrand.com/skote/layouts/vertical/assets/libs/bootstrap-editable/img/clear.png]
[themesbrand.com/skote/layouts/vertical/assets/libs/bootstrap-editable/css/bootstrap-editable.css]
[themesbrand.com/skote/layouts/vertical/assets/libs/datatables.net-bs4/css/dataTables.bootstrap4.min.css]
[themesbrand.com/skote/layouts/vertical/assets/libs/datatables.net-buttons-bs4/css/buttons.bootstrap4.min.css]
[themesbrand.com/skote/layouts/vertical/assets/libs/datatables.net-responsive-bs4/css/responsive.bootstrap4.min.css]
[themesbrand.com/skote/layouts/vertical/assets/libs/admin-resources/rwd-table/rwd-table.min.css]
[themesbrand.com/skote/layouts/vertical/assets/libs/datatables.net-autoFill-bs4/css/autoFill.bootstrap4.min.html]
[themesbrand.com/skote/layouts/vertical/assets/libs/datatables.net-keytable-bs4/css/keyTable.bootstrap4.min.css]
[themesbrand.com/skote/layouts/vertical/assets/libs/datatables.net-autoFill/js/dataTables.autoFill.min.html]
[themesbrand.com/skote/layouts/vertical/assets/libs/datatables.net-autoFill-bs4/js/autoFill.bootstrap4.min.html]
[themesbrand.com/skote/layouts/vertical/assets/libs/flot.curvedLines/curvedLines.html]
[themesbrand.com/skote/layouts/vertical/assets/libs/tui-chart/tui-chart.min.css]
[themesbrand.com/skote/layouts/vertical/assets/libs/admin-resources/jquery.vectormap/jquery-jvectormap-1.2.2.css]
[themesbrand.com/skote/layouts/vertical/assets/fonts/materialdesignicons-webfont2f9b.html]
[themesbrand.com/skote/layouts/vertical/assets/fonts/boxicons.html]
[themesbrand.com/skote/layouts/vertical/assets/fonts/boxiconsd41d.svg]
[themesbrand.com/skote/layouts/vertical/assets/fonts/fa-brands-400.html]
[themesbrand.com/skote/layouts/vertical/assets/fonts/fa-brands-400.svg]
[themesbrand.com/skote/layouts/vertical/assets/fonts/fa-regular-400.html]
[themesbrand.com/skote/layouts/vertical/assets/fonts/fa-regular-400.svg]
[themesbrand.com/skote/layouts/vertical/assets/fonts/fa-solid-900.html]
[themesbrand.com/skote/layouts/vertical/assets/fonts/fa-solid-900.svg]
[themesbrand.com/skote/layouts/vertical/assets/fonts/dripicons-v2.svg]
[themesbrand.com/skote/layouts/vertical/assets/libs/summernote/font/summernote.html]
